[0.043s] Invoking command in '/home/toni/toni_umrt_ros/build/telemetry_interfaces': DEBUGINFOD_URLS=https://debuginfod.ubuntu.com /usr/bin/cmake --build /home/toni/toni_umrt_ros/build/telemetry_interfaces -- -j4 -l4
[0.241s] -- Found ament_cmake: 2.7.0 (/opt/ros/rolling/share/ament_cmake/cmake)
[0.606s] -- Found rosidl_default_generators: 1.7.1 (/opt/ros/rolling/share/rosidl_default_generators/cmake)
[0.622s] -- Using all available rosidl_typesupport_c: rosidl_typesupport_fastrtps_c;rosidl_typesupport_introspection_c
[0.757s] -- Using all available rosidl_typesupport_cpp: rosidl_typesupport_fastrtps_cpp;rosidl_typesupport_introspection_cpp
[0.866s] -- Found rosidl_adapter: 4.8.1 (/opt/ros/rolling/share/rosidl_adapter/cmake)
[1.291s] Error parsing '/home/toni/toni_umrt_ros/src/telemetry_interfaces/package.xml':
[5.533s] Traceback (most recent call last):
[5.533s]   File "/usr/lib/python3/dist-packages/catkin_pkg/package.py", line 610, in parse_package_string
[5.535s]     root = dom.parseString(data)
[5.536s]            ^^^^^^^^^^^^^^^^^^^^^
[5.536s]   File "/usr/lib/python3.12/xml/dom/minidom.py", line 2000, in parseString
[5.536s]     return expatbuilder.parseString(string)
[5.536s]            ^^^^^^^^^^^^^^^^^^^^^^^^^^^^^^^^
[5.538s]   File "/usr/lib/python3.12/xml/dom/expatbuilder.py", line 922, in parseString
[5.538s]     return builder.parseString(string)
[5.538s]            ^^^^^^^^^^^^^^^^^^^^^^^^^^^
[5.539s]   File "/usr/lib/python3.12/xml/dom/expatbuilder.py", line 220, in parseString
[5.539s]     parser.Parse(string, True)
[5.539s] xml.parsers.expat.ExpatError: mismatched tag: line 21, column 2
[5.539s] 
[5.539s] During handling of the above exception, another exception occurred:
[5.540s] 
[5.540s] Traceback (most recent call last):
[5.540s]   File "/opt/ros/rolling/share/ament_cmake_core/cmake/core/package_xml_2_cmake.py", line 150, in <module>
[5.540s]     main()
[5.540s]   File "/opt/ros/rolling/share/ament_cmake_core/cmake/core/package_xml_2_cmake.py", line 53, in main
[5.544s]     raise e
[5.544s]   File "/opt/ros/rolling/share/ament_cmake_core/cmake/core/package_xml_2_cmake.py", line 49, in main
[5.544s]     package = parse_package_string(
[5.544s]               ^^^^^^^^^^^^^^^^^^^^^
[5.544s]   File "/usr/lib/python3/dist-packages/catkin_pkg/package.py", line 612, in parse_package_string
[5.545s]     raise InvalidPackage('The manifest contains invalid XML:\n%s' % ex, filename)
[5.545s] catkin_pkg.package.InvalidPackage: Error(s) in package '/home/toni/toni_umrt_ros/src/telemetry_interfaces/package.xml':
[5.545s] The manifest contains invalid XML:
[5.545s] mismatched tag: line 21, column 2
[5.625s] [31mCMake Error at /opt/ros/rolling/share/ament_cmake_core/cmake/core/ament_package_xml.cmake:95 (message):
[5.625s]   execute_process(/usr/bin/python3
[5.625s]   /opt/ros/rolling/share/ament_cmake_core/cmake/core/package_xml_2_cmake.py
[5.625s]   /home/toni/toni_umrt_ros/src/telemetry_interfaces/package.xml
[5.626s]   /home/toni/toni_umrt_ros/build/telemetry_interfaces/ament_cmake_core/package.cmake)
[5.626s]   returned error code 1
[5.626s] Call Stack (most recent call first):
[5.626s]   /opt/ros/rolling/share/ament_cmake_core/cmake/core/ament_package_xml.cmake:49 (_ament_package_xml)
[5.626s]   /opt/ros/rolling/share/rosidl_cmake/cmake/rosidl_generate_interfaces.cmake:220 (ament_package_xml)
[5.627s]   CMakeLists.txt:12 (rosidl_generate_interfaces)
[5.627s] 
[5.627s] [0m
[5.627s] -- Configuring incomplete, errors occurred!
[5.638s] gmake: *** [Makefile:1355: cmake_check_build_system] Error 1
[5.647s] Invoked command in '/home/toni/toni_umrt_ros/build/telemetry_interfaces' returned '2': DEBUGINFOD_URLS=https://debuginfod.ubuntu.com /usr/bin/cmake --build /home/toni/toni_umrt_ros/build/telemetry_interfaces -- -j4 -l4
